★ eas-cli@20.5.1 is now available.
To upgrade, run:
npm install -g eas-cli
Proceeding with outdated version.

Resolved "preview" environment for the build. Learn more: https://docs.expo.dev/eas/environment-variables/#setting-the-environment-for-your-builds
No environment variables with visibility "Plain text" and "Sensitive" found for the "preview" environment on EAS.
Environment variables loaded from the "preview" build profile "env" configuration: EXPO_PUBLIC_API_URL.



● Validation Warning:

  Unknown option "watcher.unstable_workerThreads" with value false was found.
  This is probably a typing mistake. Fixing it will remove this message.

✔ Using local Android credentials (credentials.json)

Compressing project files and uploading to EAS Build. Learn more: https://expo.fyi/eas-build-archive
- Uploading to EAS Build (0 / 2.4 MB)
✔ Uploaded to EAS 2s
- Computing project fingerprint
✔ Computed project fingerprint

See logs: https://expo.dev/accounts/etienne_mw/projects/trading-app/builds/f35693cf-f643-405a-8ff0-0d3bb11a341b

Waiting for build to complete. You can press Ctrl+C to exit.
- Waiting for build to complete.
✔ Build finished
